2026-01-31 13:22:51 - boltzpredictor.utils.logging_config - INFO - [logging_config.py:61] - Logging configured. Log file: logs/single_target/training_20260131_132251.log
2026-01-31 13:22:51 - boltzpredictor.utils.logging_config - INFO - [logging_config.py:62] - Log level: INFO
2026-01-31 13:22:51 - __main__ - INFO - [train.py:759] - ================================================================================
2026-01-31 13:22:51 - __main__ - INFO - [train.py:760] - Starting BoltzPredictor Training - Single-Target
2026-01-31 13:22:51 - __main__ - INFO - [train.py:761] - (Two-Phase: Selection + Full Retrain)
2026-01-31 13:22:51 - __main__ - INFO - [train.py:762] - Loss Function: COMBINED
2026-01-31 13:22:51 - __main__ - INFO - [train.py:763] - ================================================================================
2026-01-31 13:22:51 - __main__ - INFO - [train.py:764] - Config file: configs/config.yaml
2026-01-31 13:22:51 - __main__ - INFO - [train.py:765] - Log file: logs/single_target/training_20260131_132251.log
2026-01-31 13:22:51 - __main__ - INFO - [train.py:769] - Using device: cuda
2026-01-31 13:22:51 - __main__ - INFO - [train.py:771] - CUDA Device: NVIDIA GeForce RTX 4090
2026-01-31 13:22:51 - __main__ - INFO - [train.py:772] - CUDA Memory: 25.25 GB
2026-01-31 13:22:51 - __main__ - INFO - [train.py:779] - Loading datasets...
2026-01-31 13:22:51 - __main__ - INFO - [train.py:780] - Train data: data/train.csv
2026-01-31 13:22:51 - boltzpredictor.data.dataset - INFO - [dataset.py:359] - Loading single-target dataset from data/train.csv
2026-01-31 13:22:51 - boltzpredictor.data.dataset - INFO - [dataset.py:361] - Loaded 4370 rows
2026-01-31 13:22:51 - boltzpredictor.data.dataset - INFO - [dataset.py:368] - Available columns: ['molecule_name', 'target_protein', 'target_seq', 'final_score', 'epoch']
2026-01-31 13:22:51 - boltzpredictor.data.dataset - INFO - [dataset.py:432] - Validating columns...
2026-01-31 13:22:51 - boltzpredictor.data.dataset - INFO - [dataset.py:443] - ✅ Column validation passed
2026-01-31 13:22:51 - boltzpredictor.data.dataset - INFO - [dataset.py:444] -   - Molecule names: molecule_name
2026-01-31 13:22:51 - boltzpredictor.data.dataset - INFO - [dataset.py:445] -   - Scores: final_score
2026-01-31 13:22:51 - boltzpredictor.data.dataset - INFO - [dataset.py:447] -   - Epoch IDs: epoch
2026-01-31 13:22:51 - boltzpredictor.data.dataset - INFO - [dataset.py:448] -   - Target protein: FIXED (learned as parameter)
2026-01-31 13:22:51 - boltzpredictor.data.dataset - INFO - [dataset.py:380] - Validating molecules...
2026-01-31 13:23:03 - boltzpredictor.data.dataset - INFO - [dataset.py:425] - ✅ Single-target dataset validated: 4370 valid samples (filtered 0 invalid)
2026-01-31 13:23:03 - __main__ - INFO - [train.py:790] - Full dataset loaded: 4370 samples
2026-01-31 13:23:03 - __main__ - INFO - [train.py:796] - Loading existing normalizer from checkpoints/single_target/normalizer.json
2026-01-31 13:23:03 - __main__ - INFO - [train.py:800] - Normalizer loaded: method=standardization, mean=0.104337, std=0.039694
2026-01-31 13:23:03 - __main__ - INFO - [train.py:828] - Phase 1 already completed. Proceeding to Phase 2.
2026-01-31 13:23:03 - __main__ - INFO - [train.py:833] - Phase override: starting with phase 2
2026-01-31 13:23:03 - __main__ - INFO - [train.py:1050] - ================================================================================
2026-01-31 13:23:03 - __main__ - INFO - [train.py:1051] - PHASE 2: Final Training on 100% Data
2026-01-31 13:23:03 - __main__ - INFO - [train.py:1052] - ================================================================================
2026-01-31 13:23:03 - __main__ - INFO - [train.py:1064] - Phase 1 Results:
2026-01-31 13:23:03 - __main__ - INFO - [train.py:1065] -   Best Val RMSE: 0.390536
2026-01-31 13:23:03 - __main__ - INFO - [train.py:1066] -   Best Epoch: 48
2026-01-31 13:23:03 - __main__ - INFO - [train.py:1084] - Full dataset loader: 137 batches (4370 samples)
2026-01-31 13:23:03 - __main__ - INFO - [train.py:1087] - Creating model...
2026-01-31 13:23:03 - boltzpredictor.models.boltz_predictor - INFO - [boltz_predictor.py:297] - Initialized SingleTargetAffinityPredictor - mol_hidden_dim=256, target_embedding_dim=512, interaction_dim=512, num_layers=4, dropout=0.15
2026-01-31 13:23:03 - __main__ - INFO - [train.py:1099] - Model created - Total parameters: 1,921,541, Trainable: 1,921,541
2026-01-31 13:23:03 - __main__ - INFO - [train.py:1104] - Loading best Phase 1 model from checkpoints/single_target/best_phase1.pt
2026-01-31 13:23:03 - __main__ - INFO - [train.py:1107] - Phase 1 model weights loaded
2026-01-31 13:23:03 - __main__ - INFO - [train.py:1116] - Phase 2 - Using FIXED hyperparameters from Phase 1
2026-01-31 13:23:03 - __main__ - INFO - [train.py:1117] - Optimizer: AdamW, LR: 0.0001, Weight decay: 0.0001
2026-01-31 13:23:03 - __main__ - INFO - [train.py:1118] - Trainable parameters: 1,921,541
2026-01-31 13:23:03 - __main__ - INFO - [train.py:1135] - Scheduler: Cosine annealing with warm restarts
2026-01-31 13:23:03 - __main__ - INFO - [train.py:702] - Using Combined Loss (MAPE + Ranking)
2026-01-31 13:23:03 - __main__ - INFO - [train.py:703] -   α (MAPE weight): 0.5
2026-01-31 13:23:03 - __main__ - INFO - [train.py:704] -   β (Ranking weight): 0.5
2026-01-31 13:23:03 - __main__ - INFO - [train.py:705] -   Ranking margin: 0.01
2026-01-31 13:23:03 - __main__ - INFO - [train.py:58] - Initialized MAPELoss (epsilon=1e-06)
2026-01-31 13:23:03 - __main__ - INFO - [train.py:91] - Initialized RankingLoss (margin=0.01)
2026-01-31 13:23:03 - __main__ - INFO - [train.py:147] - Initialized CombinedLoss (alpha=0.5, beta=0.5, margin=0.01)
2026-01-31 13:23:03 - __main__ - INFO - [train.py:1144] - TensorBoard logs: logs/single_target/phase2
2026-01-31 13:23:03 - __main__ - INFO - [train.py:1160] - ================================================================================
2026-01-31 13:23:03 - __main__ - INFO - [train.py:1161] - PHASE 2: Training for FIXED 53 epochs
2026-01-31 13:23:03 - __main__ - INFO - [train.py:1162] - (Based on best epoch from Phase 1: 48 + adjustment: 5)
2026-01-31 13:23:03 - __main__ - INFO - [train.py:1163] - ================================================================================
2026-01-31 13:23:03 - __main__ - INFO - [train.py:1166] - --------------------------------------------------------------------------------
2026-01-31 13:23:03 - __main__ - INFO - [train.py:1167] - PHASE 2 - Epoch 1/53
2026-01-31 13:23:03 - __main__ - INFO - [train.py:1168] - --------------------------------------------------------------------------------
2026-01-31 13:23:03 - __main__ - INFO - [train.py:440] - Starting training epoch 1 [Phase2]
2026-01-31 13:23:29 - __main__ - INFO - [train.py:507] - Epoch 1 training complete [Phase2] - Loss: 42.2316 | MAPE: 84.57%, MAE: 0.268377, RMSE: 0.383631, Ranking Acc: 76.94%
2026-01-31 13:23:29 - __main__ - INFO - [train.py:1177] - Train Loss: 42.2316
2026-01-31 13:23:29 - __main__ - INFO - [train.py:1178] - Train MAPE: 84.57%, MAE: 0.268377, RMSE: 0.383631, Ranking Acc: 76.94%
2026-01-31 13:23:30 - __main__ - INFO - [train.py:1196] - Checkpoint saved: checkpoints/single_target/checkpoint_phase2_epoch_1.pt
2026-01-31 13:23:30 - __main__ - INFO - [train.py:1166] - --------------------------------------------------------------------------------
2026-01-31 13:23:30 - __main__ - INFO - [train.py:1167] - PHASE 2 - Epoch 2/53
2026-01-31 13:23:30 - __main__ - INFO - [train.py:1168] - --------------------------------------------------------------------------------
2026-01-31 13:23:30 - __main__ - INFO - [train.py:440] - Starting training epoch 2 [Phase2]
2026-01-31 13:23:48 - __main__ - INFO - [train.py:507] - Epoch 2 training complete [Phase2] - Loss: 35.4317 | MAPE: 70.89%, MAE: 0.268083, RMSE: 0.377984, Ranking Acc: 77.27%
2026-01-31 13:23:48 - __main__ - INFO - [train.py:1177] - Train Loss: 35.4317
2026-01-31 13:23:48 - __main__ - INFO - [train.py:1178] - Train MAPE: 70.89%, MAE: 0.268083, RMSE: 0.377984, Ranking Acc: 77.27%
2026-01-31 13:23:49 - __main__ - INFO - [train.py:1196] - Checkpoint saved: checkpoints/single_target/checkpoint_phase2_epoch_2.pt
2026-01-31 13:23:49 - __main__ - INFO - [train.py:1166] - --------------------------------------------------------------------------------
2026-01-31 13:23:49 - __main__ - INFO - [train.py:1167] - PHASE 2 - Epoch 3/53
2026-01-31 13:23:49 - __main__ - INFO - [train.py:1168] - --------------------------------------------------------------------------------
2026-01-31 13:23:49 - __main__ - INFO - [train.py:440] - Starting training epoch 3 [Phase2]
2026-01-31 13:24:13 - __main__ - INFO - [train.py:507] - Epoch 3 training complete [Phase2] - Loss: 41.0865 | MAPE: 82.29%, MAE: 0.266030, RMSE: 0.383172, Ranking Acc: 77.34%
2026-01-31 13:24:13 - __main__ - INFO - [train.py:1177] - Train Loss: 41.0865
2026-01-31 13:24:13 - __main__ - INFO - [train.py:1178] - Train MAPE: 82.29%, MAE: 0.266030, RMSE: 0.383172, Ranking Acc: 77.34%
2026-01-31 13:24:13 - __main__ - INFO - [train.py:1196] - Checkpoint saved: checkpoints/single_target/checkpoint_phase2_epoch_3.pt
2026-01-31 13:24:13 - __main__ - INFO - [train.py:1166] - --------------------------------------------------------------------------------
2026-01-31 13:24:13 - __main__ - INFO - [train.py:1167] - PHASE 2 - Epoch 4/53
2026-01-31 13:24:13 - __main__ - INFO - [train.py:1168] - --------------------------------------------------------------------------------
2026-01-31 13:24:13 - __main__ - INFO - [train.py:440] - Starting training epoch 4 [Phase2]
2026-01-31 13:24:35 - __main__ - INFO - [train.py:507] - Epoch 4 training complete [Phase2] - Loss: 38.0393 | MAPE: 76.19%, MAE: 0.260087, RMSE: 0.364954, Ranking Acc: 77.06%
2026-01-31 13:24:35 - __main__ - INFO - [train.py:1177] - Train Loss: 38.0393
2026-01-31 13:24:35 - __main__ - INFO - [train.py:1178] - Train MAPE: 76.19%, MAE: 0.260087, RMSE: 0.364954, Ranking Acc: 77.06%
2026-01-31 13:24:35 - __main__ - INFO - [train.py:1196] - Checkpoint saved: checkpoints/single_target/checkpoint_phase2_epoch_4.pt
2026-01-31 13:24:35 - __main__ - INFO - [train.py:1166] - --------------------------------------------------------------------------------
2026-01-31 13:24:35 - __main__ - INFO - [train.py:1167] - PHASE 2 - Epoch 5/53
2026-01-31 13:24:35 - __main__ - INFO - [train.py:1168] - --------------------------------------------------------------------------------
2026-01-31 13:24:35 - __main__ - INFO - [train.py:440] - Starting training epoch 5 [Phase2]
2026-01-31 13:24:59 - __main__ - INFO - [train.py:507] - Epoch 5 training complete [Phase2] - Loss: 35.4322 | MAPE: 70.93%, MAE: 0.262445, RMSE: 0.368696, Ranking Acc: 76.88%
2026-01-31 13:24:59 - __main__ - INFO - [train.py:1177] - Train Loss: 35.4322
2026-01-31 13:24:59 - __main__ - INFO - [train.py:1178] - Train MAPE: 70.93%, MAE: 0.262445, RMSE: 0.368696, Ranking Acc: 76.88%
2026-01-31 13:24:59 - __main__ - INFO - [train.py:1196] - Checkpoint saved: checkpoints/single_target/checkpoint_phase2_epoch_5.pt
2026-01-31 13:24:59 - __main__ - INFO - [train.py:1166] - --------------------------------------------------------------------------------
2026-01-31 13:24:59 - __main__ - INFO - [train.py:1167] - PHASE 2 - Epoch 6/53
2026-01-31 13:24:59 - __main__ - INFO - [train.py:1168] - --------------------------------------------------------------------------------
2026-01-31 13:24:59 - __main__ - INFO - [train.py:440] - Starting training epoch 6 [Phase2]
2026-01-31 13:25:22 - __main__ - INFO - [train.py:507] - Epoch 6 training complete [Phase2] - Loss: 30.5342 | MAPE: 61.13%, MAE: 0.254269, RMSE: 0.362732, Ranking Acc: 77.85%
2026-01-31 13:25:22 - __main__ - INFO - [train.py:1177] - Train Loss: 30.5342
2026-01-31 13:25:22 - __main__ - INFO - [train.py:1178] - Train MAPE: 61.13%, MAE: 0.254269, RMSE: 0.362732, Ranking Acc: 77.85%
2026-01-31 13:25:22 - __main__ - INFO - [train.py:1196] - Checkpoint saved: checkpoints/single_target/checkpoint_phase2_epoch_6.pt
2026-01-31 13:25:22 - __main__ - INFO - [train.py:1166] - --------------------------------------------------------------------------------
2026-01-31 13:25:22 - __main__ - INFO - [train.py:1167] - PHASE 2 - Epoch 7/53
2026-01-31 13:25:22 - __main__ - INFO - [train.py:1168] - --------------------------------------------------------------------------------
2026-01-31 13:25:22 - __main__ - INFO - [train.py:440] - Starting training epoch 7 [Phase2]
2026-01-31 13:25:42 - __main__ - INFO - [train.py:507] - Epoch 7 training complete [Phase2] - Loss: 31.9800 | MAPE: 63.89%, MAE: 0.256331, RMSE: 0.359243, Ranking Acc: 77.60%
2026-01-31 13:25:42 - __main__ - INFO - [train.py:1177] - Train Loss: 31.9800
2026-01-31 13:25:42 - __main__ - INFO - [train.py:1178] - Train MAPE: 63.89%, MAE: 0.256331, RMSE: 0.359243, Ranking Acc: 77.60%
2026-01-31 13:25:42 - __main__ - INFO - [train.py:1196] - Checkpoint saved: checkpoints/single_target/checkpoint_phase2_epoch_7.pt
2026-01-31 13:25:42 - __main__ - INFO - [train.py:1166] - --------------------------------------------------------------------------------
2026-01-31 13:25:42 - __main__ - INFO - [train.py:1167] - PHASE 2 - Epoch 8/53
2026-01-31 13:25:42 - __main__ - INFO - [train.py:1168] - --------------------------------------------------------------------------------
2026-01-31 13:25:42 - __main__ - INFO - [train.py:440] - Starting training epoch 8 [Phase2]
2026-01-31 13:26:06 - __main__ - INFO - [train.py:507] - Epoch 8 training complete [Phase2] - Loss: 31.9055 | MAPE: 63.84%, MAE: 0.258052, RMSE: 0.360468, Ranking Acc: 77.45%
2026-01-31 13:26:06 - __main__ - INFO - [train.py:1177] - Train Loss: 31.9055
2026-01-31 13:26:06 - __main__ - INFO - [train.py:1178] - Train MAPE: 63.84%, MAE: 0.258052, RMSE: 0.360468, Ranking Acc: 77.45%
2026-01-31 13:26:06 - __main__ - INFO - [train.py:1196] - Checkpoint saved: checkpoints/single_target/checkpoint_phase2_epoch_8.pt
2026-01-31 13:26:06 - __main__ - INFO - [train.py:1166] - --------------------------------------------------------------------------------
2026-01-31 13:26:06 - __main__ - INFO - [train.py:1167] - PHASE 2 - Epoch 9/53
2026-01-31 13:26:06 - __main__ - INFO - [train.py:1168] - --------------------------------------------------------------------------------
2026-01-31 13:26:06 - __main__ - INFO - [train.py:440] - Starting training epoch 9 [Phase2]
2026-01-31 13:26:29 - __main__ - INFO - [train.py:507] - Epoch 9 training complete [Phase2] - Loss: 38.4284 | MAPE: 76.87%, MAE: 0.252561, RMSE: 0.359308, Ranking Acc: 77.84%
2026-01-31 13:26:29 - __main__ - INFO - [train.py:1177] - Train Loss: 38.4284
2026-01-31 13:26:29 - __main__ - INFO - [train.py:1178] - Train MAPE: 76.87%, MAE: 0.252561, RMSE: 0.359308, Ranking Acc: 77.84%
2026-01-31 13:26:29 - __main__ - INFO - [train.py:1196] - Checkpoint saved: checkpoints/single_target/checkpoint_phase2_epoch_9.pt
2026-01-31 13:26:29 - __main__ - INFO - [train.py:1166] - --------------------------------------------------------------------------------
2026-01-31 13:26:29 - __main__ - INFO - [train.py:1167] - PHASE 2 - Epoch 10/53
2026-01-31 13:26:29 - __main__ - INFO - [train.py:1168] - --------------------------------------------------------------------------------
2026-01-31 13:26:29 - __main__ - INFO - [train.py:440] - Starting training epoch 10 [Phase2]
2026-01-31 13:26:48 - __main__ - INFO - [train.py:507] - Epoch 10 training complete [Phase2] - Loss: 30.0389 | MAPE: 60.09%, MAE: 0.254815, RMSE: 0.364014, Ranking Acc: 77.82%
2026-01-31 13:26:48 - __main__ - INFO - [train.py:1177] - Train Loss: 30.0389
2026-01-31 13:26:48 - __main__ - INFO - [train.py:1178] - Train MAPE: 60.09%, MAE: 0.254815, RMSE: 0.364014, Ranking Acc: 77.82%
2026-01-31 13:26:48 - __main__ - INFO - [train.py:1196] - Checkpoint saved: checkpoints/single_target/checkpoint_phase2_epoch_10.pt
2026-01-31 13:26:48 - __main__ - INFO - [train.py:1166] - --------------------------------------------------------------------------------
2026-01-31 13:26:48 - __main__ - INFO - [train.py:1167] - PHASE 2 - Epoch 11/53
2026-01-31 13:26:48 - __main__ - INFO - [train.py:1168] - --------------------------------------------------------------------------------
2026-01-31 13:26:48 - __main__ - INFO - [train.py:440] - Starting training epoch 11 [Phase2]
2026-01-31 13:27:15 - __main__ - INFO - [train.py:507] - Epoch 11 training complete [Phase2] - Loss: 40.1919 | MAPE: 80.49%, MAE: 0.247354, RMSE: 0.350222, Ranking Acc: 78.10%
2026-01-31 13:27:15 - __main__ - INFO - [train.py:1177] - Train Loss: 40.1919
2026-01-31 13:27:15 - __main__ - INFO - [train.py:1178] - Train MAPE: 80.49%, MAE: 0.247354, RMSE: 0.350222, Ranking Acc: 78.10%
2026-01-31 13:27:15 - __main__ - INFO - [train.py:1196] - Checkpoint saved: checkpoints/single_target/checkpoint_phase2_epoch_11.pt
2026-01-31 13:27:15 - __main__ - INFO - [train.py:1166] - --------------------------------------------------------------------------------
2026-01-31 13:27:15 - __main__ - INFO - [train.py:1167] - PHASE 2 - Epoch 12/53
2026-01-31 13:27:15 - __main__ - INFO - [train.py:1168] - --------------------------------------------------------------------------------
2026-01-31 13:27:15 - __main__ - INFO - [train.py:440] - Starting training epoch 12 [Phase2]
2026-01-31 13:27:34 - __main__ - INFO - [train.py:507] - Epoch 12 training complete [Phase2] - Loss: 25.2632 | MAPE: 50.55%, MAE: 0.251000, RMSE: 0.358991, Ranking Acc: 78.35%
2026-01-31 13:27:34 - __main__ - INFO - [train.py:1177] - Train Loss: 25.2632
2026-01-31 13:27:34 - __main__ - INFO - [train.py:1178] - Train MAPE: 50.55%, MAE: 0.251000, RMSE: 0.358991, Ranking Acc: 78.35%
2026-01-31 13:27:34 - __main__ - INFO - [train.py:1196] - Checkpoint saved: checkpoints/single_target/checkpoint_phase2_epoch_12.pt
2026-01-31 13:27:34 - __main__ - INFO - [train.py:1166] - --------------------------------------------------------------------------------
2026-01-31 13:27:34 - __main__ - INFO - [train.py:1167] - PHASE 2 - Epoch 13/53
2026-01-31 13:27:34 - __main__ - INFO - [train.py:1168] - --------------------------------------------------------------------------------
2026-01-31 13:27:34 - __main__ - INFO - [train.py:440] - Starting training epoch 13 [Phase2]
2026-01-31 13:27:59 - __main__ - INFO - [train.py:507] - Epoch 13 training complete [Phase2] - Loss: 36.2634 | MAPE: 72.63%, MAE: 0.246139, RMSE: 0.349945, Ranking Acc: 78.61%
2026-01-31 13:27:59 - __main__ - INFO - [train.py:1177] - Train Loss: 36.2634
2026-01-31 13:27:59 - __main__ - INFO - [train.py:1178] - Train MAPE: 72.63%, MAE: 0.246139, RMSE: 0.349945, Ranking Acc: 78.61%
2026-01-31 13:27:59 - __main__ - INFO - [train.py:1196] - Checkpoint saved: checkpoints/single_target/checkpoint_phase2_epoch_13.pt
2026-01-31 13:27:59 - __main__ - INFO - [train.py:1166] - --------------------------------------------------------------------------------
2026-01-31 13:27:59 - __main__ - INFO - [train.py:1167] - PHASE 2 - Epoch 14/53
2026-01-31 13:27:59 - __main__ - INFO - [train.py:1168] - --------------------------------------------------------------------------------
2026-01-31 13:27:59 - __main__ - INFO - [train.py:440] - Starting training epoch 14 [Phase2]
2026-01-31 13:28:18 - __main__ - INFO - [train.py:507] - Epoch 14 training complete [Phase2] - Loss: 49.9061 | MAPE: 100.00%, MAE: 0.245918, RMSE: 0.354785, Ranking Acc: 78.34%
2026-01-31 13:28:18 - __main__ - INFO - [train.py:1177] - Train Loss: 49.9061
2026-01-31 13:28:18 - __main__ - INFO - [train.py:1178] - Train MAPE: 100.00%, MAE: 0.245918, RMSE: 0.354785, Ranking Acc: 78.34%
2026-01-31 13:28:18 - __main__ - INFO - [train.py:1196] - Checkpoint saved: checkpoints/single_target/checkpoint_phase2_epoch_14.pt
2026-01-31 13:28:18 - __main__ - INFO - [train.py:1166] - --------------------------------------------------------------------------------
2026-01-31 13:28:18 - __main__ - INFO - [train.py:1167] - PHASE 2 - Epoch 15/53
2026-01-31 13:28:18 - __main__ - INFO - [train.py:1168] - --------------------------------------------------------------------------------
2026-01-31 13:28:18 - __main__ - INFO - [train.py:440] - Starting training epoch 15 [Phase2]
2026-01-31 13:28:45 - __main__ - INFO - [train.py:507] - Epoch 15 training complete [Phase2] - Loss: 27.8338 | MAPE: 55.71%, MAE: 0.244741, RMSE: 0.345683, Ranking Acc: 78.38%
2026-01-31 13:28:45 - __main__ - INFO - [train.py:1177] - Train Loss: 27.8338
2026-01-31 13:28:45 - __main__ - INFO - [train.py:1178] - Train MAPE: 55.71%, MAE: 0.244741, RMSE: 0.345683, Ranking Acc: 78.38%
2026-01-31 13:28:45 - __main__ - INFO - [train.py:1196] - Checkpoint saved: checkpoints/single_target/checkpoint_phase2_epoch_15.pt
2026-01-31 13:28:45 - __main__ - INFO - [train.py:1166] - --------------------------------------------------------------------------------
2026-01-31 13:28:45 - __main__ - INFO - [train.py:1167] - PHASE 2 - Epoch 16/53
2026-01-31 13:28:45 - __main__ - INFO - [train.py:1168] - --------------------------------------------------------------------------------
2026-01-31 13:28:45 - __main__ - INFO - [train.py:440] - Starting training epoch 16 [Phase2]
2026-01-31 13:29:05 - __main__ - INFO - [train.py:507] - Epoch 16 training complete [Phase2] - Loss: 33.6611 | MAPE: 67.38%, MAE: 0.241878, RMSE: 0.341903, Ranking Acc: 78.71%
2026-01-31 13:29:05 - __main__ - INFO - [train.py:1177] - Train Loss: 33.6611
2026-01-31 13:29:05 - __main__ - INFO - [train.py:1178] - Train MAPE: 67.38%, MAE: 0.241878, RMSE: 0.341903, Ranking Acc: 78.71%
2026-01-31 13:29:05 - __main__ - INFO - [train.py:1196] - Checkpoint saved: checkpoints/single_target/checkpoint_phase2_epoch_16.pt
2026-01-31 13:29:05 - __main__ - INFO - [train.py:1166] - --------------------------------------------------------------------------------
2026-01-31 13:29:05 - __main__ - INFO - [train.py:1167] - PHASE 2 - Epoch 17/53
2026-01-31 13:29:05 - __main__ - INFO - [train.py:1168] - --------------------------------------------------------------------------------
2026-01-31 13:29:05 - __main__ - INFO - [train.py:440] - Starting training epoch 17 [Phase2]
2026-01-31 13:29:29 - __main__ - INFO - [train.py:507] - Epoch 17 training complete [Phase2] - Loss: 32.9112 | MAPE: 65.87%, MAE: 0.241109, RMSE: 0.344565, Ranking Acc: 78.71%
2026-01-31 13:29:29 - __main__ - INFO - [train.py:1177] - Train Loss: 32.9112
2026-01-31 13:29:29 - __main__ - INFO - [train.py:1178] - Train MAPE: 65.87%, MAE: 0.241109, RMSE: 0.344565, Ranking Acc: 78.71%
2026-01-31 13:29:29 - __main__ - INFO - [train.py:1196] - Checkpoint saved: checkpoints/single_target/checkpoint_phase2_epoch_17.pt
2026-01-31 13:29:29 - __main__ - INFO - [train.py:1166] - --------------------------------------------------------------------------------
2026-01-31 13:29:29 - __main__ - INFO - [train.py:1167] - PHASE 2 - Epoch 18/53
2026-01-31 13:29:29 - __main__ - INFO - [train.py:1168] - --------------------------------------------------------------------------------
2026-01-31 13:29:29 - __main__ - INFO - [train.py:440] - Starting training epoch 18 [Phase2]
2026-01-31 13:29:48 - __main__ - INFO - [train.py:507] - Epoch 18 training complete [Phase2] - Loss: 32.4836 | MAPE: 64.79%, MAE: 0.240283, RMSE: 0.347266, Ranking Acc: 78.73%
2026-01-31 13:29:48 - __main__ - INFO - [train.py:1177] - Train Loss: 32.4836
2026-01-31 13:29:48 - __main__ - INFO - [train.py:1178] - Train MAPE: 64.79%, MAE: 0.240283, RMSE: 0.347266, Ranking Acc: 78.73%
2026-01-31 13:29:48 - __main__ - INFO - [train.py:1196] - Checkpoint saved: checkpoints/single_target/checkpoint_phase2_epoch_18.pt
2026-01-31 13:29:48 - __main__ - INFO - [train.py:1166] - --------------------------------------------------------------------------------
2026-01-31 13:29:48 - __main__ - INFO - [train.py:1167] - PHASE 2 - Epoch 19/53
2026-01-31 13:29:48 - __main__ - INFO - [train.py:1168] - --------------------------------------------------------------------------------
2026-01-31 13:29:48 - __main__ - INFO - [train.py:440] - Starting training epoch 19 [Phase2]
2026-01-31 13:30:14 - __main__ - INFO - [train.py:507] - Epoch 19 training complete [Phase2] - Loss: 28.0885 | MAPE: 56.19%, MAE: 0.235040, RMSE: 0.335710, Ranking Acc: 79.04%
2026-01-31 13:30:14 - __main__ - INFO - [train.py:1177] - Train Loss: 28.0885
2026-01-31 13:30:14 - __main__ - INFO - [train.py:1178] - Train MAPE: 56.19%, MAE: 0.235040, RMSE: 0.335710, Ranking Acc: 79.04%
2026-01-31 13:30:14 - __main__ - INFO - [train.py:1196] - Checkpoint saved: checkpoints/single_target/checkpoint_phase2_epoch_19.pt
2026-01-31 13:30:14 - __main__ - INFO - [train.py:1166] - --------------------------------------------------------------------------------
2026-01-31 13:30:14 - __main__ - INFO - [train.py:1167] - PHASE 2 - Epoch 20/53
2026-01-31 13:30:14 - __main__ - INFO - [train.py:1168] - --------------------------------------------------------------------------------
2026-01-31 13:30:14 - __main__ - INFO - [train.py:440] - Starting training epoch 20 [Phase2]
2026-01-31 13:30:39 - __main__ - INFO - [train.py:507] - Epoch 20 training complete [Phase2] - Loss: 36.0403 | MAPE: 72.12%, MAE: 0.235099, RMSE: 0.334961, Ranking Acc: 78.99%
2026-01-31 13:30:39 - __main__ - INFO - [train.py:1177] - Train Loss: 36.0403
2026-01-31 13:30:39 - __main__ - INFO - [train.py:1178] - Train MAPE: 72.12%, MAE: 0.235099, RMSE: 0.334961, Ranking Acc: 78.99%
2026-01-31 13:30:39 - __main__ - INFO - [train.py:1196] - Checkpoint saved: checkpoints/single_target/checkpoint_phase2_epoch_20.pt
2026-01-31 13:30:39 - __main__ - INFO - [train.py:1166] - --------------------------------------------------------------------------------
2026-01-31 13:30:39 - __main__ - INFO - [train.py:1167] - PHASE 2 - Epoch 21/53
2026-01-31 13:30:39 - __main__ - INFO - [train.py:1168] - --------------------------------------------------------------------------------
2026-01-31 13:30:39 - __main__ - INFO - [train.py:440] - Starting training epoch 21 [Phase2]
2026-01-31 13:30:58 - __main__ - INFO - [train.py:507] - Epoch 21 training complete [Phase2] - Loss: 26.5279 | MAPE: 53.10%, MAE: 0.234129, RMSE: 0.336276, Ranking Acc: 79.38%
2026-01-31 13:30:58 - __main__ - INFO - [train.py:1177] - Train Loss: 26.5279
2026-01-31 13:30:58 - __main__ - INFO - [train.py:1178] - Train MAPE: 53.10%, MAE: 0.234129, RMSE: 0.336276, Ranking Acc: 79.38%
2026-01-31 13:30:58 - __main__ - INFO - [train.py:1196] - Checkpoint saved: checkpoints/single_target/checkpoint_phase2_epoch_21.pt
2026-01-31 13:30:58 - __main__ - INFO - [train.py:1166] - --------------------------------------------------------------------------------
2026-01-31 13:30:58 - __main__ - INFO - [train.py:1167] - PHASE 2 - Epoch 22/53
2026-01-31 13:30:58 - __main__ - INFO - [train.py:1168] - --------------------------------------------------------------------------------
2026-01-31 13:30:58 - __main__ - INFO - [train.py:440] - Starting training epoch 22 [Phase2]
2026-01-31 13:31:26 - __main__ - INFO - [train.py:507] - Epoch 22 training complete [Phase2] - Loss: 31.9330 | MAPE: 63.91%, MAE: 0.235373, RMSE: 0.334697, Ranking Acc: 79.38%
2026-01-31 13:31:26 - __main__ - INFO - [train.py:1177] - Train Loss: 31.9330
2026-01-31 13:31:26 - __main__ - INFO - [train.py:1178] - Train MAPE: 63.91%, MAE: 0.235373, RMSE: 0.334697, Ranking Acc: 79.38%
2026-01-31 13:31:26 - __main__ - INFO - [train.py:1196] - Checkpoint saved: checkpoints/single_target/checkpoint_phase2_epoch_22.pt
2026-01-31 13:31:26 - __main__ - INFO - [train.py:1166] - --------------------------------------------------------------------------------
2026-01-31 13:31:26 - __main__ - INFO - [train.py:1167] - PHASE 2 - Epoch 23/53
2026-01-31 13:31:26 - __main__ - INFO - [train.py:1168] - --------------------------------------------------------------------------------
2026-01-31 13:31:26 - __main__ - INFO - [train.py:440] - Starting training epoch 23 [Phase2]
2026-01-31 13:31:44 - __main__ - INFO - [train.py:507] - Epoch 23 training complete [Phase2] - Loss: 28.7880 | MAPE: 57.62%, MAE: 0.227028, RMSE: 0.322483, Ranking Acc: 79.37%
2026-01-31 13:31:44 - __main__ - INFO - [train.py:1177] - Train Loss: 28.7880
2026-01-31 13:31:44 - __main__ - INFO - [train.py:1178] - Train MAPE: 57.62%, MAE: 0.227028, RMSE: 0.322483, Ranking Acc: 79.37%
2026-01-31 13:31:44 - __main__ - INFO - [train.py:1196] - Checkpoint saved: checkpoints/single_target/checkpoint_phase2_epoch_23.pt
2026-01-31 13:31:44 - __main__ - INFO - [train.py:1166] - --------------------------------------------------------------------------------
2026-01-31 13:31:44 - __main__ - INFO - [train.py:1167] - PHASE 2 - Epoch 24/53
2026-01-31 13:31:44 - __main__ - INFO - [train.py:1168] - --------------------------------------------------------------------------------
2026-01-31 13:31:44 - __main__ - INFO - [train.py:440] - Starting training epoch 24 [Phase2]
2026-01-31 13:32:11 - __main__ - INFO - [train.py:507] - Epoch 24 training complete [Phase2] - Loss: 28.4739 | MAPE: 57.03%, MAE: 0.232207, RMSE: 0.330114, Ranking Acc: 79.37%
2026-01-31 13:32:11 - __main__ - INFO - [train.py:1177] - Train Loss: 28.4739
2026-01-31 13:32:11 - __main__ - INFO - [train.py:1178] - Train MAPE: 57.03%, MAE: 0.232207, RMSE: 0.330114, Ranking Acc: 79.37%
2026-01-31 13:32:11 - __main__ - INFO - [train.py:1196] - Checkpoint saved: checkpoints/single_target/checkpoint_phase2_epoch_24.pt
2026-01-31 13:32:11 - __main__ - INFO - [train.py:1166] - --------------------------------------------------------------------------------
2026-01-31 13:32:11 - __main__ - INFO - [train.py:1167] - PHASE 2 - Epoch 25/53
2026-01-31 13:32:11 - __main__ - INFO - [train.py:1168] - --------------------------------------------------------------------------------
2026-01-31 13:32:11 - __main__ - INFO - [train.py:440] - Starting training epoch 25 [Phase2]
2026-01-31 13:32:30 - __main__ - INFO - [train.py:507] - Epoch 25 training complete [Phase2] - Loss: 34.8018 | MAPE: 69.62%, MAE: 0.227454, RMSE: 0.326385, Ranking Acc: 79.66%
2026-01-31 13:32:30 - __main__ - INFO - [train.py:1177] - Train Loss: 34.8018
2026-01-31 13:32:30 - __main__ - INFO - [train.py:1178] - Train MAPE: 69.62%, MAE: 0.227454, RMSE: 0.326385, Ranking Acc: 79.66%
2026-01-31 13:32:30 - __main__ - INFO - [train.py:1196] - Checkpoint saved: checkpoints/single_target/checkpoint_phase2_epoch_25.pt
2026-01-31 13:32:30 - __main__ - INFO - [train.py:1166] - --------------------------------------------------------------------------------
2026-01-31 13:32:30 - __main__ - INFO - [train.py:1167] - PHASE 2 - Epoch 26/53
2026-01-31 13:32:30 - __main__ - INFO - [train.py:1168] - --------------------------------------------------------------------------------
2026-01-31 13:32:30 - __main__ - INFO - [train.py:440] - Starting training epoch 26 [Phase2]
2026-01-31 13:32:57 - __main__ - INFO - [train.py:507] - Epoch 26 training complete [Phase2] - Loss: 26.5899 | MAPE: 53.10%, MAE: 0.225317, RMSE: 0.322637, Ranking Acc: 79.77%
2026-01-31 13:32:57 - __main__ - INFO - [train.py:1177] - Train Loss: 26.5899
2026-01-31 13:32:57 - __main__ - INFO - [train.py:1178] - Train MAPE: 53.10%, MAE: 0.225317, RMSE: 0.322637, Ranking Acc: 79.77%
2026-01-31 13:32:57 - __main__ - INFO - [train.py:1196] - Checkpoint saved: checkpoints/single_target/checkpoint_phase2_epoch_26.pt
2026-01-31 13:32:57 - __main__ - INFO - [train.py:1166] - --------------------------------------------------------------------------------
2026-01-31 13:32:57 - __main__ - INFO - [train.py:1167] - PHASE 2 - Epoch 27/53
2026-01-31 13:32:57 - __main__ - INFO - [train.py:1168] - --------------------------------------------------------------------------------
2026-01-31 13:32:57 - __main__ - INFO - [train.py:440] - Starting training epoch 27 [Phase2]
2026-01-31 13:33:17 - __main__ - INFO - [train.py:507] - Epoch 27 training complete [Phase2] - Loss: 32.1212 | MAPE: 64.28%, MAE: 0.223013, RMSE: 0.315402, Ranking Acc: 79.68%
2026-01-31 13:33:17 - __main__ - INFO - [train.py:1177] - Train Loss: 32.1212
2026-01-31 13:33:17 - __main__ - INFO - [train.py:1178] - Train MAPE: 64.28%, MAE: 0.223013, RMSE: 0.315402, Ranking Acc: 79.68%
2026-01-31 13:33:17 - __main__ - INFO - [train.py:1196] - Checkpoint saved: checkpoints/single_target/checkpoint_phase2_epoch_27.pt
2026-01-31 13:33:17 - __main__ - INFO - [train.py:1166] - --------------------------------------------------------------------------------
2026-01-31 13:33:17 - __main__ - INFO - [train.py:1167] - PHASE 2 - Epoch 28/53
2026-01-31 13:33:17 - __main__ - INFO - [train.py:1168] - --------------------------------------------------------------------------------
2026-01-31 13:33:17 - __main__ - INFO - [train.py:440] - Starting training epoch 28 [Phase2]
2026-01-31 13:33:40 - __main__ - INFO - [train.py:507] - Epoch 28 training complete [Phase2] - Loss: 28.0606 | MAPE: 50.54%, MAE: 0.221787, RMSE: 0.316150, Ranking Acc: 80.30%
2026-01-31 13:33:40 - __main__ - INFO - [train.py:1177] - Train Loss: 28.0606
2026-01-31 13:33:40 - __main__ - INFO - [train.py:1178] - Train MAPE: 50.54%, MAE: 0.221787, RMSE: 0.316150, Ranking Acc: 80.30%
2026-01-31 13:33:40 - __main__ - INFO - [train.py:1196] - Checkpoint saved: checkpoints/single_target/checkpoint_phase2_epoch_28.pt
2026-01-31 13:33:40 - __main__ - INFO - [train.py:1166] - --------------------------------------------------------------------------------
2026-01-31 13:33:40 - __main__ - INFO - [train.py:1167] - PHASE 2 - Epoch 29/53
2026-01-31 13:33:40 - __main__ - INFO - [train.py:1168] - --------------------------------------------------------------------------------
2026-01-31 13:33:40 - __main__ - INFO - [train.py:440] - Starting training epoch 29 [Phase2]
2026-01-31 13:34:02 - __main__ - INFO - [train.py:507] - Epoch 29 training complete [Phase2] - Loss: 25.5545 | MAPE: 51.15%, MAE: 0.220225, RMSE: 0.310966, Ranking Acc: 80.17%
2026-01-31 13:34:02 - __main__ - INFO - [train.py:1177] - Train Loss: 25.5545
2026-01-31 13:34:02 - __main__ - INFO - [train.py:1178] - Train MAPE: 51.15%, MAE: 0.220225, RMSE: 0.310966, Ranking Acc: 80.17%
2026-01-31 13:34:02 - __main__ - INFO - [train.py:1196] - Checkpoint saved: checkpoints/single_target/checkpoint_phase2_epoch_29.pt
2026-01-31 13:34:02 - __main__ - INFO - [train.py:1166] - --------------------------------------------------------------------------------
2026-01-31 13:34:02 - __main__ - INFO - [train.py:1167] - PHASE 2 - Epoch 30/53
2026-01-31 13:34:02 - __main__ - INFO - [train.py:1168] - --------------------------------------------------------------------------------
2026-01-31 13:34:02 - __main__ - INFO - [train.py:440] - Starting training epoch 30 [Phase2]
2026-01-31 13:34:25 - __main__ - INFO - [train.py:507] - Epoch 30 training complete [Phase2] - Loss: 24.3464 | MAPE: 48.69%, MAE: 0.215087, RMSE: 0.304525, Ranking Acc: 80.38%
2026-01-31 13:34:25 - __main__ - INFO - [train.py:1177] - Train Loss: 24.3464
2026-01-31 13:34:25 - __main__ - INFO - [train.py:1178] - Train MAPE: 48.69%, MAE: 0.215087, RMSE: 0.304525, Ranking Acc: 80.38%
2026-01-31 13:34:25 - __main__ - INFO - [train.py:1196] - Checkpoint saved: checkpoints/single_target/checkpoint_phase2_epoch_30.pt
2026-01-31 13:34:25 - __main__ - INFO - [train.py:1166] - --------------------------------------------------------------------------------
2026-01-31 13:34:25 - __main__ - INFO - [train.py:1167] - PHASE 2 - Epoch 31/53
2026-01-31 13:34:25 - __main__ - INFO - [train.py:1168] - --------------------------------------------------------------------------------
2026-01-31 13:34:25 - __main__ - INFO - [train.py:440] - Starting training epoch 31 [Phase2]
2026-01-31 13:34:48 - __main__ - INFO - [train.py:507] - Epoch 31 training complete [Phase2] - Loss: 27.0710 | MAPE: 54.22%, MAE: 0.217544, RMSE: 0.309768, Ranking Acc: 80.22%
2026-01-31 13:34:48 - __main__ - INFO - [train.py:1177] - Train Loss: 27.0710
2026-01-31 13:34:48 - __main__ - INFO - [train.py:1178] - Train MAPE: 54.22%, MAE: 0.217544, RMSE: 0.309768, Ranking Acc: 80.22%
2026-01-31 13:34:48 - __main__ - INFO - [train.py:1196] - Checkpoint saved: checkpoints/single_target/checkpoint_phase2_epoch_31.pt
2026-01-31 13:34:48 - __main__ - INFO - [train.py:1166] - --------------------------------------------------------------------------------
2026-01-31 13:34:48 - __main__ - INFO - [train.py:1167] - PHASE 2 - Epoch 32/53
2026-01-31 13:34:48 - __main__ - INFO - [train.py:1168] - --------------------------------------------------------------------------------
2026-01-31 13:34:48 - __main__ - INFO - [train.py:440] - Starting training epoch 32 [Phase2]
2026-01-31 13:35:12 - __main__ - INFO - [train.py:507] - Epoch 32 training complete [Phase2] - Loss: 23.5507 | MAPE: 47.13%, MAE: 0.219146, RMSE: 0.313373, Ranking Acc: 79.97%
2026-01-31 13:35:12 - __main__ - INFO - [train.py:1177] - Train Loss: 23.5507
2026-01-31 13:35:12 - __main__ - INFO - [train.py:1178] - Train MAPE: 47.13%, MAE: 0.219146, RMSE: 0.313373, Ranking Acc: 79.97%
2026-01-31 13:35:12 - __main__ - INFO - [train.py:1196] - Checkpoint saved: checkpoints/single_target/checkpoint_phase2_epoch_32.pt
2026-01-31 13:35:12 - __main__ - INFO - [train.py:1166] - --------------------------------------------------------------------------------
2026-01-31 13:35:12 - __main__ - INFO - [train.py:1167] - PHASE 2 - Epoch 33/53
2026-01-31 13:35:12 - __main__ - INFO - [train.py:1168] - --------------------------------------------------------------------------------
2026-01-31 13:35:12 - __main__ - INFO - [train.py:440] - Starting training epoch 33 [Phase2]
2026-01-31 13:35:36 - __main__ - INFO - [train.py:507] - Epoch 33 training complete [Phase2] - Loss: 26.1593 | MAPE: 52.36%, MAE: 0.213580, RMSE: 0.305898, Ranking Acc: 80.70%
2026-01-31 13:35:36 - __main__ - INFO - [train.py:1177] - Train Loss: 26.1593
2026-01-31 13:35:36 - __main__ - INFO - [train.py:1178] - Train MAPE: 52.36%, MAE: 0.213580, RMSE: 0.305898, Ranking Acc: 80.70%
2026-01-31 13:35:36 - __main__ - INFO - [train.py:1196] - Checkpoint saved: checkpoints/single_target/checkpoint_phase2_epoch_33.pt
2026-01-31 13:35:36 - __main__ - INFO - [train.py:1166] - --------------------------------------------------------------------------------
2026-01-31 13:35:36 - __main__ - INFO - [train.py:1167] - PHASE 2 - Epoch 34/53
2026-01-31 13:35:36 - __main__ - INFO - [train.py:1168] - --------------------------------------------------------------------------------
2026-01-31 13:35:36 - __main__ - INFO - [train.py:440] - Starting training epoch 34 [Phase2]
2026-01-31 13:35:59 - __main__ - INFO - [train.py:507] - Epoch 34 training complete [Phase2] - Loss: 22.1128 | MAPE: 44.22%, MAE: 0.214971, RMSE: 0.311253, Ranking Acc: 80.60%
2026-01-31 13:35:59 - __main__ - INFO - [train.py:1177] - Train Loss: 22.1128
2026-01-31 13:35:59 - __main__ - INFO - [train.py:1178] - Train MAPE: 44.22%, MAE: 0.214971, RMSE: 0.311253, Ranking Acc: 80.60%
2026-01-31 13:35:59 - __main__ - INFO - [train.py:1196] - Checkpoint saved: checkpoints/single_target/checkpoint_phase2_epoch_34.pt
2026-01-31 13:35:59 - __main__ - INFO - [train.py:1166] - --------------------------------------------------------------------------------
2026-01-31 13:35:59 - __main__ - INFO - [train.py:1167] - PHASE 2 - Epoch 35/53
2026-01-31 13:35:59 - __main__ - INFO - [train.py:1168] - --------------------------------------------------------------------------------
2026-01-31 13:35:59 - __main__ - INFO - [train.py:440] - Starting training epoch 35 [Phase2]
2026-01-31 13:36:23 - __main__ - INFO - [train.py:507] - Epoch 35 training complete [Phase2] - Loss: 22.8517 | MAPE: 45.72%, MAE: 0.215108, RMSE: 0.310834, Ranking Acc: 80.56%
2026-01-31 13:36:23 - __main__ - INFO - [train.py:1177] - Train Loss: 22.8517
2026-01-31 13:36:23 - __main__ - INFO - [train.py:1178] - Train MAPE: 45.72%, MAE: 0.215108, RMSE: 0.310834, Ranking Acc: 80.56%
2026-01-31 13:36:23 - __main__ - INFO - [train.py:1196] - Checkpoint saved: checkpoints/single_target/checkpoint_phase2_epoch_35.pt
2026-01-31 13:36:23 - __main__ - INFO - [train.py:1166] - --------------------------------------------------------------------------------
2026-01-31 13:36:23 - __main__ - INFO - [train.py:1167] - PHASE 2 - Epoch 36/53
2026-01-31 13:36:23 - __main__ - INFO - [train.py:1168] - --------------------------------------------------------------------------------
2026-01-31 13:36:23 - __main__ - INFO - [train.py:440] - Starting training epoch 36 [Phase2]
2026-01-31 13:36:44 - __main__ - INFO - [train.py:507] - Epoch 36 training complete [Phase2] - Loss: 32.2355 | MAPE: 64.54%, MAE: 0.205529, RMSE: 0.297342, Ranking Acc: 80.99%
2026-01-31 13:36:44 - __main__ - INFO - [train.py:1177] - Train Loss: 32.2355
2026-01-31 13:36:44 - __main__ - INFO - [train.py:1178] - Train MAPE: 64.54%, MAE: 0.205529, RMSE: 0.297342, Ranking Acc: 80.99%
2026-01-31 13:36:45 - __main__ - INFO - [train.py:1196] - Checkpoint saved: checkpoints/single_target/checkpoint_phase2_epoch_36.pt
2026-01-31 13:36:45 - __main__ - INFO - [train.py:1166] - --------------------------------------------------------------------------------
2026-01-31 13:36:45 - __main__ - INFO - [train.py:1167] - PHASE 2 - Epoch 37/53
2026-01-31 13:36:45 - __main__ - INFO - [train.py:1168] - --------------------------------------------------------------------------------
2026-01-31 13:36:45 - __main__ - INFO - [train.py:440] - Starting training epoch 37 [Phase2]
2026-01-31 13:37:10 - __main__ - INFO - [train.py:507] - Epoch 37 training complete [Phase2] - Loss: 23.0483 | MAPE: 46.07%, MAE: 0.206144, RMSE: 0.292778, Ranking Acc: 80.97%
2026-01-31 13:37:10 - __main__ - INFO - [train.py:1177] - Train Loss: 23.0483
2026-01-31 13:37:10 - __main__ - INFO - [train.py:1178] - Train MAPE: 46.07%, MAE: 0.206144, RMSE: 0.292778, Ranking Acc: 80.97%
2026-01-31 13:37:10 - __main__ - INFO - [train.py:1196] - Checkpoint saved: checkpoints/single_target/checkpoint_phase2_epoch_37.pt
2026-01-31 13:37:10 - __main__ - INFO - [train.py:1166] - --------------------------------------------------------------------------------
2026-01-31 13:37:10 - __main__ - INFO - [train.py:1167] - PHASE 2 - Epoch 38/53
2026-01-31 13:37:10 - __main__ - INFO - [train.py:1168] - --------------------------------------------------------------------------------
2026-01-31 13:37:10 - __main__ - INFO - [train.py:440] - Starting training epoch 38 [Phase2]
2026-01-31 13:37:28 - __main__ - INFO - [train.py:507] - Epoch 38 training complete [Phase2] - Loss: 23.5064 | MAPE: 47.03%, MAE: 0.209620, RMSE: 0.302285, Ranking Acc: 81.01%
2026-01-31 13:37:28 - __main__ - INFO - [train.py:1177] - Train Loss: 23.5064
2026-01-31 13:37:28 - __main__ - INFO - [train.py:1178] - Train MAPE: 47.03%, MAE: 0.209620, RMSE: 0.302285, Ranking Acc: 81.01%
2026-01-31 13:37:28 - __main__ - INFO - [train.py:1196] - Checkpoint saved: checkpoints/single_target/checkpoint_phase2_epoch_38.pt
2026-01-31 13:37:28 - __main__ - INFO - [train.py:1166] - --------------------------------------------------------------------------------
2026-01-31 13:37:28 - __main__ - INFO - [train.py:1167] - PHASE 2 - Epoch 39/53
2026-01-31 13:37:28 - __main__ - INFO - [train.py:1168] - --------------------------------------------------------------------------------
2026-01-31 13:37:28 - __main__ - INFO - [train.py:440] - Starting training epoch 39 [Phase2]
2026-01-31 13:37:53 - __main__ - INFO - [train.py:507] - Epoch 39 training complete [Phase2] - Loss: 22.5610 | MAPE: 45.06%, MAE: 0.206663, RMSE: 0.297468, Ranking Acc: 81.10%
2026-01-31 13:37:53 - __main__ - INFO - [train.py:1177] - Train Loss: 22.5610
2026-01-31 13:37:53 - __main__ - INFO - [train.py:1178] - Train MAPE: 45.06%, MAE: 0.206663, RMSE: 0.297468, Ranking Acc: 81.10%
2026-01-31 13:37:53 - __main__ - INFO - [train.py:1196] - Checkpoint saved: checkpoints/single_target/checkpoint_phase2_epoch_39.pt
2026-01-31 13:37:53 - __main__ - INFO - [train.py:1166] - --------------------------------------------------------------------------------
2026-01-31 13:37:53 - __main__ - INFO - [train.py:1167] - PHASE 2 - Epoch 40/53
2026-01-31 13:37:53 - __main__ - INFO - [train.py:1168] - --------------------------------------------------------------------------------
2026-01-31 13:37:53 - __main__ - INFO - [train.py:440] - Starting training epoch 40 [Phase2]
2026-01-31 13:38:15 - __main__ - INFO - [train.py:507] - Epoch 40 training complete [Phase2] - Loss: 24.3734 | MAPE: 48.74%, MAE: 0.207009, RMSE: 0.300039, Ranking Acc: 81.07%
2026-01-31 13:38:15 - __main__ - INFO - [train.py:1177] - Train Loss: 24.3734
2026-01-31 13:38:15 - __main__ - INFO - [train.py:1178] - Train MAPE: 48.74%, MAE: 0.207009, RMSE: 0.300039, Ranking Acc: 81.07%
2026-01-31 13:38:15 - __main__ - INFO - [train.py:1196] - Checkpoint saved: checkpoints/single_target/checkpoint_phase2_epoch_40.pt
2026-01-31 13:38:15 - __main__ - INFO - [train.py:1166] - --------------------------------------------------------------------------------
2026-01-31 13:38:15 - __main__ - INFO - [train.py:1167] - PHASE 2 - Epoch 41/53
2026-01-31 13:38:15 - __main__ - INFO - [train.py:1168] - --------------------------------------------------------------------------------
2026-01-31 13:38:15 - __main__ - INFO - [train.py:440] - Starting training epoch 41 [Phase2]
2026-01-31 13:38:34 - __main__ - INFO - [train.py:507] - Epoch 41 training complete [Phase2] - Loss: 21.5857 | MAPE: 43.18%, MAE: 0.205735, RMSE: 0.293942, Ranking Acc: 81.33%
2026-01-31 13:38:34 - __main__ - INFO - [train.py:1177] - Train Loss: 21.5857
2026-01-31 13:38:34 - __main__ - INFO - [train.py:1178] - Train MAPE: 43.18%, MAE: 0.205735, RMSE: 0.293942, Ranking Acc: 81.33%
2026-01-31 13:38:34 - __main__ - INFO - [train.py:1196] - Checkpoint saved: checkpoints/single_target/checkpoint_phase2_epoch_41.pt
2026-01-31 13:38:34 - __main__ - INFO - [train.py:1166] - --------------------------------------------------------------------------------
2026-01-31 13:38:34 - __main__ - INFO - [train.py:1167] - PHASE 2 - Epoch 42/53
2026-01-31 13:38:34 - __main__ - INFO - [train.py:1168] - --------------------------------------------------------------------------------
2026-01-31 13:38:34 - __main__ - INFO - [train.py:440] - Starting training epoch 42 [Phase2]
2026-01-31 13:39:01 - __main__ - INFO - [train.py:507] - Epoch 42 training complete [Phase2] - Loss: 23.6492 | MAPE: 47.32%, MAE: 0.206046, RMSE: 0.293692, Ranking Acc: 81.39%
2026-01-31 13:39:01 - __main__ - INFO - [train.py:1177] - Train Loss: 23.6492
2026-01-31 13:39:01 - __main__ - INFO - [train.py:1178] - Train MAPE: 47.32%, MAE: 0.206046, RMSE: 0.293692, Ranking Acc: 81.39%
2026-01-31 13:39:01 - __main__ - INFO - [train.py:1196] - Checkpoint saved: checkpoints/single_target/checkpoint_phase2_epoch_42.pt
2026-01-31 13:39:01 - __main__ - INFO - [train.py:1166] - --------------------------------------------------------------------------------
2026-01-31 13:39:01 - __main__ - INFO - [train.py:1167] - PHASE 2 - Epoch 43/53
2026-01-31 13:39:01 - __main__ - INFO - [train.py:1168] - --------------------------------------------------------------------------------
2026-01-31 13:39:01 - __main__ - INFO - [train.py:440] - Starting training epoch 43 [Phase2]
2026-01-31 13:39:20 - __main__ - INFO - [train.py:507] - Epoch 43 training complete [Phase2] - Loss: 29.5519 | MAPE: 59.17%, MAE: 0.199873, RMSE: 0.289316, Ranking Acc: 81.74%
2026-01-31 13:39:20 - __main__ - INFO - [train.py:1177] - Train Loss: 29.5519
2026-01-31 13:39:20 - __main__ - INFO - [train.py:1178] - Train MAPE: 59.17%, MAE: 0.199873, RMSE: 0.289316, Ranking Acc: 81.74%
2026-01-31 13:39:21 - __main__ - INFO - [train.py:1196] - Checkpoint saved: checkpoints/single_target/checkpoint_phase2_epoch_43.pt
2026-01-31 13:39:21 - __main__ - INFO - [train.py:1166] - --------------------------------------------------------------------------------
2026-01-31 13:39:21 - __main__ - INFO - [train.py:1167] - PHASE 2 - Epoch 44/53
2026-01-31 13:39:21 - __main__ - INFO - [train.py:1168] - --------------------------------------------------------------------------------
2026-01-31 13:39:21 - __main__ - INFO - [train.py:440] - Starting training epoch 44 [Phase2]
2026-01-31 13:39:45 - __main__ - INFO - [train.py:507] - Epoch 44 training complete [Phase2] - Loss: 27.3449 | MAPE: 54.76%, MAE: 0.197629, RMSE: 0.280221, Ranking Acc: 81.81%
2026-01-31 13:39:45 - __main__ - INFO - [train.py:1177] - Train Loss: 27.3449
2026-01-31 13:39:45 - __main__ - INFO - [train.py:1178] - Train MAPE: 54.76%, MAE: 0.197629, RMSE: 0.280221, Ranking Acc: 81.81%
2026-01-31 13:39:45 - __main__ - INFO - [train.py:1196] - Checkpoint saved: checkpoints/single_target/checkpoint_phase2_epoch_44.pt
2026-01-31 13:39:45 - __main__ - INFO - [train.py:1166] - --------------------------------------------------------------------------------
2026-01-31 13:39:45 - __main__ - INFO - [train.py:1167] - PHASE 2 - Epoch 45/53
2026-01-31 13:39:45 - __main__ - INFO - [train.py:1168] - --------------------------------------------------------------------------------
2026-01-31 13:39:45 - __main__ - INFO - [train.py:440] - Starting training epoch 45 [Phase2]
2026-01-31 13:40:05 - __main__ - INFO - [train.py:507] - Epoch 45 training complete [Phase2] - Loss: 26.0816 | MAPE: 52.24%, MAE: 0.198226, RMSE: 0.282729, Ranking Acc: 81.76%
2026-01-31 13:40:05 - __main__ - INFO - [train.py:1177] - Train Loss: 26.0816
2026-01-31 13:40:05 - __main__ - INFO - [train.py:1178] - Train MAPE: 52.24%, MAE: 0.198226, RMSE: 0.282729, Ranking Acc: 81.76%
2026-01-31 13:40:05 - __main__ - INFO - [train.py:1196] - Checkpoint saved: checkpoints/single_target/checkpoint_phase2_epoch_45.pt
2026-01-31 13:40:05 - __main__ - INFO - [train.py:1166] - --------------------------------------------------------------------------------
2026-01-31 13:40:05 - __main__ - INFO - [train.py:1167] - PHASE 2 - Epoch 46/53
2026-01-31 13:40:05 - __main__ - INFO - [train.py:1168] - --------------------------------------------------------------------------------
2026-01-31 13:40:05 - __main__ - INFO - [train.py:440] - Starting training epoch 46 [Phase2]
2026-01-31 13:40:32 - __main__ - INFO - [train.py:507] - Epoch 46 training complete [Phase2] - Loss: 23.5649 | MAPE: 47.08%, MAE: 0.196971, RMSE: 0.286380, Ranking Acc: 81.98%
2026-01-31 13:40:32 - __main__ - INFO - [train.py:1177] - Train Loss: 23.5649
2026-01-31 13:40:32 - __main__ - INFO - [train.py:1178] - Train MAPE: 47.08%, MAE: 0.196971, RMSE: 0.286380, Ranking Acc: 81.98%
2026-01-31 13:40:32 - __main__ - INFO - [train.py:1196] - Checkpoint saved: checkpoints/single_target/checkpoint_phase2_epoch_46.pt
2026-01-31 13:40:32 - __main__ - INFO - [train.py:1166] - --------------------------------------------------------------------------------
2026-01-31 13:40:32 - __main__ - INFO - [train.py:1167] - PHASE 2 - Epoch 47/53
2026-01-31 13:40:32 - __main__ - INFO - [train.py:1168] - --------------------------------------------------------------------------------
2026-01-31 13:40:32 - __main__ - INFO - [train.py:440] - Starting training epoch 47 [Phase2]
2026-01-31 13:40:51 - __main__ - INFO - [train.py:507] - Epoch 47 training complete [Phase2] - Loss: 22.1986 | MAPE: 44.41%, MAE: 0.195189, RMSE: 0.281862, Ranking Acc: 82.14%
2026-01-31 13:40:51 - __main__ - INFO - [train.py:1177] - Train Loss: 22.1986
2026-01-31 13:40:51 - __main__ - INFO - [train.py:1178] - Train MAPE: 44.41%, MAE: 0.195189, RMSE: 0.281862, Ranking Acc: 82.14%
2026-01-31 13:40:51 - __main__ - INFO - [train.py:1196] - Checkpoint saved: checkpoints/single_target/checkpoint_phase2_epoch_47.pt
2026-01-31 13:40:51 - __main__ - INFO - [train.py:1166] - --------------------------------------------------------------------------------
2026-01-31 13:40:51 - __main__ - INFO - [train.py:1167] - PHASE 2 - Epoch 48/53
2026-01-31 13:40:51 - __main__ - INFO - [train.py:1168] - --------------------------------------------------------------------------------
2026-01-31 13:40:51 - __main__ - INFO - [train.py:440] - Starting training epoch 48 [Phase2]
2026-01-31 13:41:15 - __main__ - INFO - [train.py:507] - Epoch 48 training complete [Phase2] - Loss: 23.3895 | MAPE: 46.82%, MAE: 0.192540, RMSE: 0.280584, Ranking Acc: 82.25%
2026-01-31 13:41:15 - __main__ - INFO - [train.py:1177] - Train Loss: 23.3895
2026-01-31 13:41:15 - __main__ - INFO - [train.py:1178] - Train MAPE: 46.82%, MAE: 0.192540, RMSE: 0.280584, Ranking Acc: 82.25%
2026-01-31 13:41:15 - __main__ - INFO - [train.py:1196] - Checkpoint saved: checkpoints/single_target/checkpoint_phase2_epoch_48.pt
2026-01-31 13:41:15 - __main__ - INFO - [train.py:1166] - --------------------------------------------------------------------------------
2026-01-31 13:41:15 - __main__ - INFO - [train.py:1167] - PHASE 2 - Epoch 49/53
2026-01-31 13:41:15 - __main__ - INFO - [train.py:1168] - --------------------------------------------------------------------------------
2026-01-31 13:41:15 - __main__ - INFO - [train.py:440] - Starting training epoch 49 [Phase2]
2026-01-31 13:41:34 - __main__ - INFO - [train.py:507] - Epoch 49 training complete [Phase2] - Loss: 20.0096 | MAPE: 40.04%, MAE: 0.189501, RMSE: 0.274535, Ranking Acc: 82.48%
2026-01-31 13:41:34 - __main__ - INFO - [train.py:1177] - Train Loss: 20.0096
2026-01-31 13:41:34 - __main__ - INFO - [train.py:1178] - Train MAPE: 40.04%, MAE: 0.189501, RMSE: 0.274535, Ranking Acc: 82.48%
2026-01-31 13:41:34 - __main__ - INFO - [train.py:1196] - Checkpoint saved: checkpoints/single_target/checkpoint_phase2_epoch_49.pt
2026-01-31 13:41:34 - __main__ - INFO - [train.py:1166] - --------------------------------------------------------------------------------
2026-01-31 13:41:34 - __main__ - INFO - [train.py:1167] - PHASE 2 - Epoch 50/53
2026-01-31 13:41:34 - __main__ - INFO - [train.py:1168] - --------------------------------------------------------------------------------
2026-01-31 13:41:34 - __main__ - INFO - [train.py:440] - Starting training epoch 50 [Phase2]
2026-01-31 13:42:00 - __main__ - INFO - [train.py:507] - Epoch 50 training complete [Phase2] - Loss: 17.8807 | MAPE: 35.76%, MAE: 0.189148, RMSE: 0.274775, Ranking Acc: 82.87%
2026-01-31 13:42:00 - __main__ - INFO - [train.py:1177] - Train Loss: 17.8807
2026-01-31 13:42:00 - __main__ - INFO - [train.py:1178] - Train MAPE: 35.76%, MAE: 0.189148, RMSE: 0.274775, Ranking Acc: 82.87%
2026-01-31 13:42:00 - __main__ - INFO - [train.py:1196] - Checkpoint saved: checkpoints/single_target/checkpoint_phase2_epoch_50.pt
2026-01-31 13:42:00 - __main__ - INFO - [train.py:1166] - --------------------------------------------------------------------------------
2026-01-31 13:42:00 - __main__ - INFO - [train.py:1167] - PHASE 2 - Epoch 51/53
2026-01-31 13:42:00 - __main__ - INFO - [train.py:1168] - --------------------------------------------------------------------------------
2026-01-31 13:42:00 - __main__ - INFO - [train.py:440] - Starting training epoch 51 [Phase2]
2026-01-31 13:42:22 - __main__ - INFO - [train.py:507] - Epoch 51 training complete [Phase2] - Loss: 35.2318 | MAPE: 70.57%, MAE: 0.192759, RMSE: 0.278164, Ranking Acc: 82.56%
2026-01-31 13:42:22 - __main__ - INFO - [train.py:1177] - Train Loss: 35.2318
2026-01-31 13:42:22 - __main__ - INFO - [train.py:1178] - Train MAPE: 70.57%, MAE: 0.192759, RMSE: 0.278164, Ranking Acc: 82.56%
2026-01-31 13:42:22 - __main__ - INFO - [train.py:1196] - Checkpoint saved: checkpoints/single_target/checkpoint_phase2_epoch_51.pt
2026-01-31 13:42:22 - __main__ - INFO - [train.py:1166] - --------------------------------------------------------------------------------
2026-01-31 13:42:22 - __main__ - INFO - [train.py:1167] - PHASE 2 - Epoch 52/53
2026-01-31 13:42:22 - __main__ - INFO - [train.py:1168] - --------------------------------------------------------------------------------
2026-01-31 13:42:22 - __main__ - INFO - [train.py:440] - Starting training epoch 52 [Phase2]
2026-01-31 13:42:46 - __main__ - INFO - [train.py:507] - Epoch 52 training complete [Phase2] - Loss: 23.7862 | MAPE: 46.71%, MAE: 0.190217, RMSE: 0.274630, Ranking Acc: 82.79%
2026-01-31 13:42:46 - __main__ - INFO - [train.py:1177] - Train Loss: 23.7862
2026-01-31 13:42:46 - __main__ - INFO - [train.py:1178] - Train MAPE: 46.71%, MAE: 0.190217, RMSE: 0.274630, Ranking Acc: 82.79%
2026-01-31 13:42:46 - __main__ - INFO - [train.py:1196] - Checkpoint saved: checkpoints/single_target/checkpoint_phase2_epoch_52.pt
2026-01-31 13:42:46 - __main__ - INFO - [train.py:1166] - --------------------------------------------------------------------------------
2026-01-31 13:42:46 - __main__ - INFO - [train.py:1167] - PHASE 2 - Epoch 53/53
2026-01-31 13:42:46 - __main__ - INFO - [train.py:1168] - --------------------------------------------------------------------------------
2026-01-31 13:42:46 - __main__ - INFO - [train.py:440] - Starting training epoch 53 [Phase2]
2026-01-31 13:43:09 - __main__ - INFO - [train.py:507] - Epoch 53 training complete [Phase2] - Loss: 19.2230 | MAPE: 38.46%, MAE: 0.190451, RMSE: 0.273621, Ranking Acc: 82.47%
2026-01-31 13:43:09 - __main__ - INFO - [train.py:1177] - Train Loss: 19.2230
2026-01-31 13:43:09 - __main__ - INFO - [train.py:1178] - Train MAPE: 38.46%, MAE: 0.190451, RMSE: 0.273621, Ranking Acc: 82.47%
2026-01-31 13:43:09 - __main__ - INFO - [train.py:1196] - Checkpoint saved: checkpoints/single_target/checkpoint_phase2_epoch_53.pt
2026-01-31 13:43:09 - __main__ - INFO - [train.py:1207] - Final model saved: checkpoints/single_target/final_model.pt
2026-01-31 13:43:09 - __main__ - INFO - [train.py:1226] - Training summary saved: checkpoints/single_target/training_summary.json
2026-01-31 13:43:09 - __main__ - INFO - [train.py:1230] - ================================================================================
2026-01-31 13:43:09 - __main__ - INFO - [train.py:1231] - PHASE 2 COMPLETE - Final Model Ready for Inference
2026-01-31 13:43:09 - __main__ - INFO - [train.py:1232] - ================================================================================
2026-01-31 13:43:09 - __main__ - INFO - [train.py:1233] - Final model: checkpoints/single_target/final_model.pt
2026-01-31 13:43:09 - __main__ - INFO - [train.py:1234] - Normalizer: checkpoints/single_target/normalizer.json
2026-01-31 13:43:09 - __main__ - INFO - [train.py:1235] - Training summary: checkpoints/single_target/training_summary.json
